
> bharatrank-website@0.1.0 build
> next build

 ⚠ Warning: Next.js inferred your workspace root, but it may not be correct.
 We detected multiple lockfiles and selected the directory of c:\Users\shubh\package-lock.json as the root directory.
 To silence this warning, set `outputFileTracingRoot` in your Next.js config, or consider removing one of the lockfiles if it's not needed.
   See https://nextjs.org/docs/app/api-reference/config/next-config-js/output#caveats for more information.
 Detected additional lockfiles: 
   * c:\Users\shubh\Repositories\Project\BharatRank\bharatrank-website\package-lock.json

   ▲ Next.js 15.5.22

   Creating an optimized production build ...
 ✓ Compiled successfully in 3.7s
   Linting and checking validity of types ...
Failed to compile.

Type error: Invalid value for '--ignoreDeprecations'.

Next.js build worker exited with code: 1 and signal: null
